1. Скачать видеоролик (в лучшем качестве):
$ youtube-dl https://www.youtube.com/watch?v=...
или
$ youtube-dl -f best https://www.youtube.com/watch?v=...

2. Скачать целый плейлист или всё видео с канада (файлы лучшего качества):
$ youtube-dl -f best https://www.youtube.com/playlist?list=...
$ youtube-dl -f best https://www.youtube.com/channel/......./videos

3. Скачать только mp3 звук из ролика:
$ youtube-dl https://www.youtube.com/watch?v=... -x --audio-format mp3

3.1. Скачать весь плейлист из видеороликов, но только звук в mp3 формате:
youtube-dl https://www.youtube.com/playlist?list=PLQnbUesOw8medxJY6CipLFHDjO8h-pr69 -x --audio-format mp3

4. Если связь оборвалась, то чтобы докачать файл, нужно просто снова запустить его закачку (пункт 1.), он прочитает недокачанный файл и докачает его.

5. По флагу -F будут показаны все доступные форматы. Если ввести флаг -f с числовым кодом формата, он будет скачан:
Пример:
$ youtube-dl -F https://www.youtube.com/watch?v=OUKUeL-oFuY
[youtube] OUKUeL-oFuY: Downloading webpage
[info] Available formats for OUKUeL-oFuY:
format code  extension  resolution note
249          webm       audio only tiny   48k , webm_dash container, opus @ 48k (48000Hz), 13.39MiB
250          webm       audio only tiny   60k , webm_dash container, opus @ 60k (48000Hz), 16.76MiB
251          webm       audio only tiny  110k , webm_dash container, opus @110k (48000Hz), 30.73MiB
140          m4a        audio only tiny  127k , m4a_dash container, mp4a.40.2@127k (44100Hz), 35.29MiB
278          webm       192x144    144p   71k , webm_dash container, vp9@  71k, 25fps, video only, 19.93MiB
160          mp4        192x144    144p   83k , mp4_dash container, avc1.4d400b@  83k, 25fps, video only, 23.32MiB
242          webm       320x240    240p  137k , webm_dash container, vp9@ 137k, 25fps, video only, 38.07MiB
133          mp4        320x240    240p  184k , mp4_dash container, avc1.4d400d@ 184k, 25fps, video only, 51.25MiB
243          webm       480x360    360p  245k , webm_dash container, vp9@ 245k, 25fps, video only, 68.32MiB
134          mp4        480x360    360p  321k , mp4_dash container, avc1.4d4015@ 321k, 25fps, video only, 89.38MiB
244          webm       640x480    480p  434k , webm_dash container, vp9@ 434k, 25fps, video only, 120.79MiB
135          mp4        640x480    480p  626k , mp4_dash container, avc1.4d401e@ 626k, 25fps, video only, 173.98MiB
18           mp4        480x360    360p  470k , avc1.42001E, 25fps, mp4a.40.2 (44100Hz), 130.70MiB (best)

$ youtube-dl -f135 https://www.youtube.com/watch?v=OUKUeL-oFuY


6. Все поддерживаемые сайты для скачивания видео с них: 
$ youtube-dl --list-extractors

7. Если выдаёт слишком длинное имя файла, то можно указать, своё имя файла (но не забываем указать и расширение):
$ youtube-dl -f best -o 'РСЗО СМЕРЧЬ.mp4' https://www.youtube.com/watch?v=rv8CP4sxKbM

8. Сачать видео из плейлиста, начав с видео под номером (Например, если нужно пропустить видео, на которое утилита выдаёт "слишком длинное имя файла", тоесть начнём со следующего видео из плейлиста).
$ youtube-dl -f best --playlist-start 32 https://www.youtube.com/channel/UC7FPDeOL5tSU-Su1M9dP7yw/videos
или пропускать видео, при попытке скачивания которых возникает ошибка:
$ youtube-dl -f best --ignore-errors https://www.youtube.com/channel/UCldEiYO0xF0LZtMj3Y7VwFw/videos
Все пропущенные видео из плейлиста выводятся на экран консоли как ошибка и потом их можно докачать в ручную, например с помощью аттрибута -o

9. Скачать видео из списка:
$ youtube-dl -f best -a 1.txt

10. Загрузка нескольких видео
$ youtube-dl -f best URL-adress-1  URL-adress-2  URL-adress-3

11. Синтаксис утилиты:
$ youtube-dl опции URL-адрес

Основные опции:
    --dump-user-agent — просмотр идентификационных данных, отсылаемых утилитой на веб-сервер;
    --abort-on-error — отменить загрузку следующих видео из списка (плейлиста) в случае какой-либо ошибки;
    --list-extractors — просмотреть список сайтов, с которых можно скачивать файлы;
    --extractor-descriptions — список сайтов с примечаниями;
    --playlist-start n — начать загрузку плейлиста с файла под номером n;
    --max-downloads — остановить работу утилиты после загрузки n-ного количества файлов;
    -i, --ignore-errors — продолжить скачивание, если работа утилиты «застопорилась» из-за ошибки (например, очередное видео из плейлиста оказалось недоступным);
    --proxy URL — использование прокси-серверов (HTTP/HTTPS/SOCKS);
    --geo-verification-proxy URL — использование прокси для создания фейковой геолокации (требуется, если перечень стран, где видео доступно для просмотра, ограничен);
    --mark-watched — отметить видео просмотренными (также существует опция с противоположным действием --no-mark-watched; обе опции действительны только для youtube);
    --min-filesize SIZE, --max-filesize SIZE — не загружать видео, если его размер меньше или больше заданного;
    --date DATE — загружать только видео, которые были выложены на сервер в заданную дату (также существуют опции --datebefore DATE для загрузки видео, которые были выложены до указанной даты, и --dateafter DATE для загрузки видео, которые были выложены после указанной даты);
    --no-playlist — загружать только видео, если по указанному адресу расположены и видео, и плейлист (также есть опция --only-playlist, которая при аналогичных обстоятельствах позволяет загрузить только плейлист);
    --include-ads — скачивать видео вместе с рекламой;
    -r, --limit-rate — ограничение скорости скачивания;
    --buffer-size — установка размера фрагментов, записываемых в буфер;
    --playlist-reverse — начать загрузку видео с конца плейлиста;
    --playlist-random — загружать видео из плейлиста в случайном порядке;
    --id — использовать в качестве названия видео его id-номер;
    -w, --no-overwrites — не перезаписывать файлы;
    -c, --continue — --no-continue;
    --write-description — сохранить описание видео в файл .description;
    --no-warnings — игнорировать предупреждения;
    --no-check-certificate — не проверять, действителен ли сертификат безопасности для указанного сайта;
    -F, --list-formats — показать все доступные форматы файлов для указанного видео или плейлиста;
    --write-sub — сохранять файл с субтитрами.

С полным перечнем опций можно ознакомиться, выполнив в терминале одну из следующих команд:
$ man youtube-dl


12. Полное описание работы:
https://losst.ru/kak-polzovatsya-youtube-dl
https://github.com/ytdl-org/youtube-dl


